// Jest Snapshot v1, https://goo.gl/fbAQLP

exports[`canvasUtils pathStringToCanvas translates SVG path strings into canvas commands case 0 1`] = `
Array [
  Object {
    "props": Object {},
    "transform": Array [
      1,
      0,
      0,
      1,
      0,
      0,
    ],
    "type": "beginPath",
  },
  Object {
    "props": Object {
      "x": 200,
      "y": 740,
    },
    "transform": Array [
      1,
      0,
      0,
      1,
      0,
      0,
    ],
    "type": "moveTo",
  },
  Object {
    "props": Object {
      "x": 820,
      "y": 740,
    },
    "transform": Array [
      1,
      0,
      0,
      1,
      0,
      0,
    ],
    "type": "lineTo",
  },
  Object {
    "props": Object {
      "x": 820,
      "y": 428,
    },
    "transform": Array [
      1,
      0,
      0,
      1,
      0,
      0,
    ],
    "type": "lineTo",
  },
  Object {
    "props": Object {
      "x": 810,
      "y": 314,
    },
    "transform": Array [
      1,
      0,
      0,
      1,
      0,
      0,
    ],
    "type": "lineTo",
  },
  Object {
    "props": Object {
      "x": 787,
      "y": 200,
    },
    "transform": Array [
      1,
      0,
      0,
      1,
      0,
      0,
    ],
    "type": "lineTo",
  },
  Object {
    "props": Object {
      "x": 743,
      "y": 67,
    },
    "transform": Array [
      1,
      0,
      0,
      1,
      0,
      0,
    ],
    "type": "lineTo",
  },
  Object {
    "props": Object {
      "cpx": 730,
      "cpy": 29,
      "x": 692,
      "y": 42,
    },
    "transform": Array [
      1,
      0,
      0,
      1,
      0,
      0,
    ],
    "type": "quadraticCurveTo",
  },
  Object {
    "props": Object {
      "cpx": 654,
      "cpy": 55,
      "x": 667,
      "y": 93,
    },
    "transform": Array [
      1,
      0,
      0,
      1,
      0,
      0,
    ],
    "type": "quadraticCurveTo",
  },
  Object {
    "props": Object {
      "x": 709,
      "y": 220,
    },
    "transform": Array [
      1,
      0,
      0,
      1,
      0,
      0,
    ],
    "type": "lineTo",
  },
  Object {
    "props": Object {
      "x": 730,
      "y": 326,
    },
    "transform": Array [
      1,
      0,
      0,
      1,
      0,
      0,
    ],
    "type": "lineTo",
  },
  Object {
    "props": Object {
      "x": 740,
      "y": 432,
    },
    "transform": Array [
      1,
      0,
      0,
      1,
      0,
      0,
    ],
    "type": "lineTo",
  },
  Object {
    "props": Object {
      "x": 740,
      "y": 660,
    },
    "transform": Array [
      1,
      0,
      0,
      1,
      0,
      0,
    ],
    "type": "lineTo",
  },
  Object {
    "props": Object {
      "x": 200,
      "y": 660,
    },
    "transform": Array [
      1,
      0,
      0,
      1,
      0,
      0,
    ],
    "type": "lineTo",
  },
  Object {
    "props": Object {
      "cpx": 160,
      "cpy": 660,
      "x": 160,
      "y": 700,
    },
    "transform": Array [
      1,
      0,
      0,
      1,
      0,
      0,
    ],
    "type": "quadraticCurveTo",
  },
  Object {
    "props": Object {
      "cpx": 160,
      "cpy": 740,
      "x": 200,
      "y": 740,
    },
    "transform": Array [
      1,
      0,
      0,
      1,
      0,
      0,
    ],
    "type": "quadraticCurveTo",
  },
]
`;

exports[`canvasUtils pathStringToCanvas translates SVG path strings into canvas commands case 1 1`] = `
Array [
  Object {
    "props": Object {},
    "transform": Array [
      1,
      0,
      0,
      1,
      0,
      0,
    ],
    "type": "beginPath",
  },
  Object {
    "props": Object {
      "x": 476,
      "y": 495,
    },
    "transform": Array [
      1,
      0,
      0,
      1,
      0,
      0,
    ],
    "type": "moveTo",
  },
  Object {
    "props": Object {
      "x": 590,
      "y": 356,
    },
    "transform": Array [
      1,
      0,
      0,
      1,
      0,
      0,
    ],
    "type": "lineTo",
  },
  Object {
    "props": Object {
      "x": 717,
      "y": 220,
    },
    "transform": Array [
      1,
      0,
      0,
      1,
      0,
      0,
    ],
    "type": "lineTo",
  },
  Object {
    "props": Object {
      "x": 864,
      "y": 112,
    },
    "transform": Array [
      1,
      0,
      0,
      1,
      0,
      0,
    ],
    "type": "lineTo",
  },
  Object {
    "props": Object {
      "cpx": 896,
      "cpy": 89,
      "x": 872,
      "y": 56,
    },
    "transform": Array [
      1,
      0,
      0,
      1,
      0,
      0,
    ],
    "type": "quadraticCurveTo",
  },
  Object {
    "props": Object {
      "cpx": 849,
      "cpy": 24,
      "x": 816,
      "y": 48,
    },
    "transform": Array [
      1,
      0,
      0,
      1,
      0,
      0,
    ],
    "type": "quadraticCurveTo",
  },
  Object {
    "props": Object {
      "x": 663,
      "y": 160,
    },
    "transform": Array [
      1,
      0,
      0,
      1,
      0,
      0,
    ],
    "type": "lineTo",
  },
  Object {
    "props": Object {
      "x": 530,
      "y": 304,
    },
    "transform": Array [
      1,
      0,
      0,
      1,
      0,
      0,
    ],
    "type": "lineTo",
  },
  Object {
    "props": Object {
      "x": 414,
      "y": 445,
    },
    "transform": Array [
      1,
      0,
      0,
      1,
      0,
      0,
    ],
    "type": "lineTo",
  },
  Object {
    "props": Object {
      "cpx": 389,
      "cpy": 476,
      "x": 420,
      "y": 501,
    },
    "transform": Array [
      1,
      0,
      0,
      1,
      0,
      0,
    ],
    "type": "quadraticCurveTo",
  },
  Object {
    "props": Object {
      "cpx": 451,
      "cpy": 526,
      "x": 476,
      "y": 495,
    },
    "transform": Array [
      1,
      0,
      0,
      1,
      0,
      0,
    ],
    "type": "quadraticCurveTo",
  },
]
`;

exports[`canvasUtils pathStringToCanvas translates SVG path strings into canvas commands case 2 1`] = `
Array [
  Object {
    "props": Object {},
    "transform": Array [
      1,
      0,
      0,
      1,
      0,
      0,
    ],
    "type": "beginPath",
  },
  Object {
    "props": Object {
      "x": 120,
      "y": -40,
    },
    "transform": Array [
      1,
      0,
      0,
      1,
      0,
      0,
    ],
    "type": "moveTo",
  },
  Object {
    "props": Object {
      "x": 880,
      "y": -40,
    },
    "transform": Array [
      1,
      0,
      0,
      1,
      0,
      0,
    ],
    "type": "lineTo",
  },
  Object {
    "props": Object {
      "cpx": 900,
      "cpy": -40,
      "x": 900,
      "y": -20,
    },
    "transform": Array [
      1,
      0,
      0,
      1,
      0,
      0,
    ],
    "type": "quadraticCurveTo",
  },
  Object {
    "props": Object {
      "x": 900,
      "y": 20,
    },
    "transform": Array [
      1,
      0,
      0,
      1,
      0,
      0,
    ],
    "type": "lineTo",
  },
  Object {
    "props": Object {
      "cpx1": 900,
      "cpx2": 880,
      "cpy1": 40,
      "cpy2": 40,
      "x": 860,
      "y": 40,
    },
    "transform": Array [
      1,
      0,
      0,
      1,
      0,
      0,
    ],
    "type": "bezierCurveTo",
  },
  Object {
    "props": Object {
      "x": 120,
      "y": 40,
    },
    "transform": Array [
      1,
      0,
      0,
      1,
      0,
      0,
    ],
    "type": "lineTo",
  },
  Object {
    "props": Object {
      "cpx1": 100,
      "cpx2": 100,
      "cpy1": 40,
      "cpy2": -40,
      "x": 120,
      "y": -40,
    },
    "transform": Array [
      1,
      0,
      0,
      1,
      0,
      0,
    ],
    "type": "bezierCurveTo",
  },
]
`;
