// Jest Snapshot v1, https://goo.gl/fbAQLP

exports[`HangulWriterRenderer handles empty user strokes 1`] = `
Array [
  Object {
    "props": Object {
      "height": 100,
      "width": 100,
      "x": 0,
      "y": 0,
    },
    "transform": Array [
      1,
      0,
      0,
      1,
      0,
      0,
    ],
    "type": "clearRect",
  },
  Object {
    "props": Object {},
    "transform": Array [
      1,
      0,
      0,
      1,
      0,
      0,
    ],
    "type": "save",
  },
  Object {
    "props": Object {
      "x": 10,
      "y": 80.3125,
    },
    "transform": Array [
      1,
      0,
      0,
      1,
      10,
      80.3125,
    ],
    "type": "translate",
  },
  Object {
    "props": Object {
      "a": 1,
      "b": 0,
      "c": 0,
      "d": -1,
      "e": 0,
      "f": 0,
    },
    "transform": Array [
      1,
      0,
      0,
      -1,
      10,
      80.3125,
    ],
    "type": "transform",
  },
  Object {
    "props": Object {
      "x": 0.078125,
      "y": 0.078125,
    },
    "transform": Array [
      0.078125,
      0,
      0,
      -0.078125,
      10,
      80.3125,
    ],
    "type": "scale",
  },
  Object {
    "props": Object {},
    "transform": Array [
      0.078125,
      0,
      0,
      -0.078125,
      10,
      80.3125,
    ],
    "type": "save",
  },
  Object {
    "props": Object {
      "fillRule": "nonzero",
      "path": Array [],
    },
    "transform": Array [
      0.078125,
      0,
      0,
      -0.078125,
      10,
      80.3125,
    ],
    "type": "clip",
  },
  Object {
    "props": Object {
      "value": 0.7,
    },
    "transform": Array [
      0.078125,
      0,
      0,
      -0.078125,
      10,
      80.3125,
    ],
    "type": "globalAlpha",
  },
  Object {
    "props": Object {
      "value": "rgba(255, 150, 100, 0.7)",
    },
    "transform": Array [
      0.078125,
      0,
      0,
      -0.078125,
      10,
      80.3125,
    ],
    "type": "strokeStyle",
  },
  Object {
    "props": Object {
      "value": "rgba(255, 150, 100, 0.7)",
    },
    "transform": Array [
      0.078125,
      0,
      0,
      -0.078125,
      10,
      80.3125,
    ],
    "type": "fillStyle",
  },
  Object {
    "props": Object {
      "value": 200,
    },
    "transform": Array [
      0.078125,
      0,
      0,
      -0.078125,
      10,
      80.3125,
    ],
    "type": "lineWidth",
  },
  Object {
    "props": Object {
      "value": "round",
    },
    "transform": Array [
      0.078125,
      0,
      0,
      -0.078125,
      10,
      80.3125,
    ],
    "type": "lineCap",
  },
  Object {
    "props": Object {
      "value": "round",
    },
    "transform": Array [
      0.078125,
      0,
      0,
      -0.078125,
      10,
      80.3125,
    ],
    "type": "lineJoin",
  },
  Object {
    "props": Object {
      "value": Array [
        844.6901597886417,
        844.6901597886417,
      ],
    },
    "transform": Array [
      0.078125,
      0,
      0,
      -0.078125,
      10,
      80.3125,
    ],
    "type": "setLineDash",
  },
  Object {
    "props": Object {
      "value": 0,
    },
    "transform": Array [
      0.078125,
      0,
      0,
      -0.078125,
      10,
      80.3125,
    ],
    "type": "lineDashOffset",
  },
  Object {
    "props": Object {},
    "transform": Array [
      0.078125,
      0,
      0,
      -0.078125,
      10,
      80.3125,
    ],
    "type": "beginPath",
  },
  Object {
    "props": Object {
      "x": 542.9039333725548,
      "y": 827.3417168333576,
    },
    "transform": Array [
      0.078125,
      0,
      0,
      -0.078125,
      10,
      80.3125,
    ],
    "type": "moveTo",
  },
  Object {
    "props": Object {
      "x": 480,
      "y": 560,
    },
    "transform": Array [
      0.078125,
      0,
      0,
      -0.078125,
      10,
      80.3125,
    ],
    "type": "lineTo",
  },
  Object {
    "props": Object {
      "x": 400,
      "y": 380,
    },
    "transform": Array [
      0.078125,
      0,
      0,
      -0.078125,
      10,
      80.3125,
    ],
    "type": "lineTo",
  },
  Object {
    "props": Object {
      "x": 300,
      "y": 220,
    },
    "transform": Array [
      0.078125,
      0,
      0,
      -0.078125,
      10,
      80.3125,
    ],
    "type": "lineTo",
  },
  Object {
    "props": Object {
      "x": 180,
      "y": 80,
    },
    "transform": Array [
      0.078125,
      0,
      0,
      -0.078125,
      10,
      80.3125,
    ],
    "type": "lineTo",
  },
  Object {
    "props": Object {
      "path": Array [
        Object {
          "props": Object {},
          "transform": Array [
            0.078125,
            0,
            0,
            -0.078125,
            10,
            80.3125,
          ],
          "type": "beginPath",
        },
        Object {
          "props": Object {
            "x": 542.9039333725548,
            "y": 827.3417168333576,
          },
          "transform": Array [
            0.078125,
            0,
            0,
            -0.078125,
            10,
            80.3125,
          ],
          "type": "moveTo",
        },
        Object {
          "props": Object {
            "x": 480,
            "y": 560,
          },
          "transform": Array [
            0.078125,
            0,
            0,
            -0.078125,
            10,
            80.3125,
          ],
          "type": "lineTo",
        },
        Object {
          "props": Object {
            "x": 400,
            "y": 380,
          },
          "transform": Array [
            0.078125,
            0,
            0,
            -0.078125,
            10,
            80.3125,
          ],
          "type": "lineTo",
        },
        Object {
          "props": Object {
            "x": 300,
            "y": 220,
          },
          "transform": Array [
            0.078125,
            0,
            0,
            -0.078125,
            10,
            80.3125,
          ],
          "type": "lineTo",
        },
        Object {
          "props": Object {
            "x": 180,
            "y": 80,
          },
          "transform": Array [
            0.078125,
            0,
            0,
            -0.078125,
            10,
            80.3125,
          ],
          "type": "lineTo",
        },
      ],
    },
    "transform": Array [
      0.078125,
      0,
      0,
      -0.078125,
      10,
      80.3125,
    ],
    "type": "stroke",
  },
  Object {
    "props": Object {},
    "transform": Array [
      0.078125,
      0,
      0,
      -0.078125,
      10,
      80.3125,
    ],
    "type": "restore",
  },
  Object {
    "props": Object {},
    "transform": Array [
      0.078125,
      0,
      0,
      -0.078125,
      10,
      80.3125,
    ],
    "type": "save",
  },
  Object {
    "props": Object {
      "fillRule": "nonzero",
      "path": Array [],
    },
    "transform": Array [
      0.078125,
      0,
      0,
      -0.078125,
      10,
      80.3125,
    ],
    "type": "clip",
  },
  Object {
    "props": Object {
      "value": 0.7,
    },
    "transform": Array [
      0.078125,
      0,
      0,
      -0.078125,
      10,
      80.3125,
    ],
    "type": "globalAlpha",
  },
  Object {
    "props": Object {
      "value": "rgba(255, 150, 100, 0.7)",
    },
    "transform": Array [
      0.078125,
      0,
      0,
      -0.078125,
      10,
      80.3125,
    ],
    "type": "strokeStyle",
  },
  Object {
    "props": Object {
      "value": "rgba(255, 150, 100, 0.7)",
    },
    "transform": Array [
      0.078125,
      0,
      0,
      -0.078125,
      10,
      80.3125,
    ],
    "type": "fillStyle",
  },
  Object {
    "props": Object {
      "value": 200,
    },
    "transform": Array [
      0.078125,
      0,
      0,
      -0.078125,
      10,
      80.3125,
    ],
    "type": "lineWidth",
  },
  Object {
    "props": Object {
      "value": "round",
    },
    "transform": Array [
      0.078125,
      0,
      0,
      -0.078125,
      10,
      80.3125,
    ],
    "type": "lineCap",
  },
  Object {
    "props": Object {
      "value": "round",
    },
    "transform": Array [
      0.078125,
      0,
      0,
      -0.078125,
      10,
      80.3125,
    ],
    "type": "lineJoin",
  },
  Object {
    "props": Object {
      "value": Array [
        658.2388413103988,
        658.2388413103988,
      ],
    },
    "transform": Array [
      0.078125,
      0,
      0,
      -0.078125,
      10,
      80.3125,
    ],
    "type": "setLineDash",
  },
  Object {
    "props": Object {
      "value": 0,
    },
    "transform": Array [
      0.078125,
      0,
      0,
      -0.078125,
      10,
      80.3125,
    ],
    "type": "lineDashOffset",
  },
  Object {
    "props": Object {},
    "transform": Array [
      0.078125,
      0,
      0,
      -0.078125,
      10,
      80.3125,
    ],
    "type": "beginPath",
  },
  Object {
    "props": Object {
      "x": 381.1982135249677,
      "y": 547.0021560905562,
    },
    "transform": Array [
      0.078125,
      0,
      0,
      -0.078125,
      10,
      80.3125,
    ],
    "type": "moveTo",
  },
  Object {
    "props": Object {
      "x": 503,
      "y": 400,
    },
    "transform": Array [
      0.078125,
      0,
      0,
      -0.078125,
      10,
      80.3125,
    ],
    "type": "lineTo",
  },
  Object {
    "props": Object {
      "x": 560,
      "y": 330,
    },
    "transform": Array [
      0.078125,
      0,
      0,
      -0.078125,
      10,
      80.3125,
    ],
    "type": "lineTo",
  },
  Object {
    "props": Object {
      "x": 690,
      "y": 190,
    },
    "transform": Array [
      0.078125,
      0,
      0,
      -0.078125,
      10,
      80.3125,
    ],
    "type": "lineTo",
  },
  Object {
    "props": Object {
      "x": 840,
      "y": 80,
    },
    "transform": Array [
      0.078125,
      0,
      0,
      -0.078125,
      10,
      80.3125,
    ],
    "type": "lineTo",
  },
  Object {
    "props": Object {
      "path": Array [
        Object {
          "props": Object {},
          "transform": Array [
            0.078125,
            0,
            0,
            -0.078125,
            10,
            80.3125,
          ],
          "type": "beginPath",
        },
        Object {
          "props": Object {
            "x": 381.1982135249677,
            "y": 547.0021560905562,
          },
          "transform": Array [
            0.078125,
            0,
            0,
            -0.078125,
            10,
            80.3125,
          ],
          "type": "moveTo",
        },
        Object {
          "props": Object {
            "x": 503,
            "y": 400,
          },
          "transform": Array [
            0.078125,
            0,
            0,
            -0.078125,
            10,
            80.3125,
          ],
          "type": "lineTo",
        },
        Object {
          "props": Object {
            "x": 560,
            "y": 330,
          },
          "transform": Array [
            0.078125,
            0,
            0,
            -0.078125,
            10,
            80.3125,
          ],
          "type": "lineTo",
        },
        Object {
          "props": Object {
            "x": 690,
            "y": 190,
          },
          "transform": Array [
            0.078125,
            0,
            0,
            -0.078125,
            10,
            80.3125,
          ],
          "type": "lineTo",
        },
        Object {
          "props": Object {
            "x": 840,
            "y": 80,
          },
          "transform": Array [
            0.078125,
            0,
            0,
            -0.078125,
            10,
            80.3125,
          ],
          "type": "lineTo",
        },
      ],
    },
    "transform": Array [
      0.078125,
      0,
      0,
      -0.078125,
      10,
      80.3125,
    ],
    "type": "stroke",
  },
  Object {
    "props": Object {},
    "transform": Array [
      0.078125,
      0,
      0,
      -0.078125,
      10,
      80.3125,
    ],
    "type": "restore",
  },
  Object {
    "props": Object {},
    "transform": Array [
      0.078125,
      0,
      0,
      -0.078125,
      10,
      80.3125,
    ],
    "type": "save",
  },
  Object {
    "props": Object {
      "fillRule": "nonzero",
      "path": Array [],
    },
    "transform": Array [
      0.078125,
      0,
      0,
      -0.078125,
      10,
      80.3125,
    ],
    "type": "clip",
  },
  Object {
    "props": Object {
      "value": 0.7,
    },
    "transform": Array [
      0.078125,
      0,
      0,
      -0.078125,
      10,
      80.3125,
    ],
    "type": "globalAlpha",
  },
  Object {
    "props": Object {
      "value": "rgba(255, 100, 10, 0.9)",
    },
    "transform": Array [
      0.078125,
      0,
      0,
      -0.078125,
      10,
      80.3125,
    ],
    "type": "strokeStyle",
  },
  Object {
    "props": Object {
      "value": "rgba(255, 100, 10, 0.9)",
    },
    "transform": Array [
      0.078125,
      0,
      0,
      -0.078125,
      10,
      80.3125,
    ],
    "type": "fillStyle",
  },
  Object {
    "props": Object {
      "value": 200,
    },
    "transform": Array [
      0.078125,
      0,
      0,
      -0.078125,
      10,
      80.3125,
    ],
    "type": "lineWidth",
  },
  Object {
    "props": Object {
      "value": "round",
    },
    "transform": Array [
      0.078125,
      0,
      0,
      -0.078125,
      10,
      80.3125,
    ],
    "type": "lineCap",
  },
  Object {
    "props": Object {
      "value": "round",
    },
    "transform": Array [
      0.078125,
      0,
      0,
      -0.078125,
      10,
      80.3125,
    ],
    "type": "lineJoin",
  },
  Object {
    "props": Object {
      "value": Array [
        844.6901597886417,
        844.6901597886417,
      ],
    },
    "transform": Array [
      0.078125,
      0,
      0,
      -0.078125,
      10,
      80.3125,
    ],
    "type": "setLineDash",
  },
  Object {
    "props": Object {
      "value": 0,
    },
    "transform": Array [
      0.078125,
      0,
      0,
      -0.078125,
      10,
      80.3125,
    ],
    "type": "lineDashOffset",
  },
  Object {
    "props": Object {},
    "transform": Array [
      0.078125,
      0,
      0,
      -0.078125,
      10,
      80.3125,
    ],
    "type": "beginPath",
  },
  Object {
    "props": Object {
      "x": 542.9039333725548,
      "y": 827.3417168333576,
    },
    "transform": Array [
      0.078125,
      0,
      0,
      -0.078125,
      10,
      80.3125,
    ],
    "type": "moveTo",
  },
  Object {
    "props": Object {
      "x": 480,
      "y": 560,
    },
    "transform": Array [
      0.078125,
      0,
      0,
      -0.078125,
      10,
      80.3125,
    ],
    "type": "lineTo",
  },
  Object {
    "props": Object {
      "x": 400,
      "y": 380,
    },
    "transform": Array [
      0.078125,
      0,
      0,
      -0.078125,
      10,
      80.3125,
    ],
    "type": "lineTo",
  },
  Object {
    "props": Object {
      "x": 300,
      "y": 220,
    },
    "transform": Array [
      0.078125,
      0,
      0,
      -0.078125,
      10,
      80.3125,
    ],
    "type": "lineTo",
  },
  Object {
    "props": Object {
      "x": 180,
      "y": 80,
    },
    "transform": Array [
      0.078125,
      0,
      0,
      -0.078125,
      10,
      80.3125,
    ],
    "type": "lineTo",
  },
  Object {
    "props": Object {
      "path": Array [
        Object {
          "props": Object {},
          "transform": Array [
            0.078125,
            0,
            0,
            -0.078125,
            10,
            80.3125,
          ],
          "type": "beginPath",
        },
        Object {
          "props": Object {
            "x": 542.9039333725548,
            "y": 827.3417168333576,
          },
          "transform": Array [
            0.078125,
            0,
            0,
            -0.078125,
            10,
            80.3125,
          ],
          "type": "moveTo",
        },
        Object {
          "props": Object {
            "x": 480,
            "y": 560,
          },
          "transform": Array [
            0.078125,
            0,
            0,
            -0.078125,
            10,
            80.3125,
          ],
          "type": "lineTo",
        },
        Object {
          "props": Object {
            "x": 400,
            "y": 380,
          },
          "transform": Array [
            0.078125,
            0,
            0,
            -0.078125,
            10,
            80.3125,
          ],
          "type": "lineTo",
        },
        Object {
          "props": Object {
            "x": 300,
            "y": 220,
          },
          "transform": Array [
            0.078125,
            0,
            0,
            -0.078125,
            10,
            80.3125,
          ],
          "type": "lineTo",
        },
        Object {
          "props": Object {
            "x": 180,
            "y": 80,
          },
          "transform": Array [
            0.078125,
            0,
            0,
            -0.078125,
            10,
            80.3125,
          ],
          "type": "lineTo",
        },
      ],
    },
    "transform": Array [
      0.078125,
      0,
      0,
      -0.078125,
      10,
      80.3125,
    ],
    "type": "stroke",
  },
  Object {
    "props": Object {},
    "transform": Array [
      0.078125,
      0,
      0,
      -0.078125,
      10,
      80.3125,
    ],
    "type": "restore",
  },
  Object {
    "props": Object {},
    "transform": Array [
      0.078125,
      0,
      0,
      -0.078125,
      10,
      80.3125,
    ],
    "type": "save",
  },
  Object {
    "props": Object {
      "fillRule": "nonzero",
      "path": Array [],
    },
    "transform": Array [
      0.078125,
      0,
      0,
      -0.078125,
      10,
      80.3125,
    ],
    "type": "clip",
  },
  Object {
    "props": Object {
      "value": 0.7,
    },
    "transform": Array [
      0.078125,
      0,
      0,
      -0.078125,
      10,
      80.3125,
    ],
    "type": "globalAlpha",
  },
  Object {
    "props": Object {
      "value": "rgba(255, 100, 10, 0.9)",
    },
    "transform": Array [
      0.078125,
      0,
      0,
      -0.078125,
      10,
      80.3125,
    ],
    "type": "strokeStyle",
  },
  Object {
    "props": Object {
      "value": "rgba(255, 100, 10, 0.9)",
    },
    "transform": Array [
      0.078125,
      0,
      0,
      -0.078125,
      10,
      80.3125,
    ],
    "type": "fillStyle",
  },
  Object {
    "props": Object {
      "value": 200,
    },
    "transform": Array [
      0.078125,
      0,
      0,
      -0.078125,
      10,
      80.3125,
    ],
    "type": "lineWidth",
  },
  Object {
    "props": Object {
      "value": "round",
    },
    "transform": Array [
      0.078125,
      0,
      0,
      -0.078125,
      10,
      80.3125,
    ],
    "type": "lineCap",
  },
  Object {
    "props": Object {
      "value": "round",
    },
    "transform": Array [
      0.078125,
      0,
      0,
      -0.078125,
      10,
      80.3125,
    ],
    "type": "lineJoin",
  },
  Object {
    "props": Object {
      "value": Array [
        658.2388413103988,
        658.2388413103988,
      ],
    },
    "transform": Array [
      0.078125,
      0,
      0,
      -0.078125,
      10,
      80.3125,
    ],
    "type": "setLineDash",
  },
  Object {
    "props": Object {
      "value": 0,
    },
    "transform": Array [
      0.078125,
      0,
      0,
      -0.078125,
      10,
      80.3125,
    ],
    "type": "lineDashOffset",
  },
  Object {
    "props": Object {},
    "transform": Array [
      0.078125,
      0,
      0,
      -0.078125,
      10,
      80.3125,
    ],
    "type": "beginPath",
  },
  Object {
    "props": Object {
      "x": 381.1982135249677,
      "y": 547.0021560905562,
    },
    "transform": Array [
      0.078125,
      0,
      0,
      -0.078125,
      10,
      80.3125,
    ],
    "type": "moveTo",
  },
  Object {
    "props": Object {
      "x": 503,
      "y": 400,
    },
    "transform": Array [
      0.078125,
      0,
      0,
      -0.078125,
      10,
      80.3125,
    ],
    "type": "lineTo",
  },
  Object {
    "props": Object {
      "x": 560,
      "y": 330,
    },
    "transform": Array [
      0.078125,
      0,
      0,
      -0.078125,
      10,
      80.3125,
    ],
    "type": "lineTo",
  },
  Object {
    "props": Object {
      "x": 690,
      "y": 190,
    },
    "transform": Array [
      0.078125,
      0,
      0,
      -0.078125,
      10,
      80.3125,
    ],
    "type": "lineTo",
  },
  Object {
    "props": Object {
      "x": 840,
      "y": 80,
    },
    "transform": Array [
      0.078125,
      0,
      0,
      -0.078125,
      10,
      80.3125,
    ],
    "type": "lineTo",
  },
  Object {
    "props": Object {
      "path": Array [
        Object {
          "props": Object {},
          "transform": Array [
            0.078125,
            0,
            0,
            -0.078125,
            10,
            80.3125,
          ],
          "type": "beginPath",
        },
        Object {
          "props": Object {
            "x": 381.1982135249677,
            "y": 547.0021560905562,
          },
          "transform": Array [
            0.078125,
            0,
            0,
            -0.078125,
            10,
            80.3125,
          ],
          "type": "moveTo",
        },
        Object {
          "props": Object {
            "x": 503,
            "y": 400,
          },
          "transform": Array [
            0.078125,
            0,
            0,
            -0.078125,
            10,
            80.3125,
          ],
          "type": "lineTo",
        },
        Object {
          "props": Object {
            "x": 560,
            "y": 330,
          },
          "transform": Array [
            0.078125,
            0,
            0,
            -0.078125,
            10,
            80.3125,
          ],
          "type": "lineTo",
        },
        Object {
          "props": Object {
            "x": 690,
            "y": 190,
          },
          "transform": Array [
            0.078125,
            0,
            0,
            -0.078125,
            10,
            80.3125,
          ],
          "type": "lineTo",
        },
        Object {
          "props": Object {
            "x": 840,
            "y": 80,
          },
          "transform": Array [
            0.078125,
            0,
            0,
            -0.078125,
            10,
            80.3125,
          ],
          "type": "lineTo",
        },
      ],
    },
    "transform": Array [
      0.078125,
      0,
      0,
      -0.078125,
      10,
      80.3125,
    ],
    "type": "stroke",
  },
  Object {
    "props": Object {},
    "transform": Array [
      0.078125,
      0,
      0,
      -0.078125,
      10,
      80.3125,
    ],
    "type": "restore",
  },
  Object {
    "props": Object {},
    "transform": Array [
      0.078125,
      0,
      0,
      -0.078125,
      10,
      80.3125,
    ],
    "type": "save",
  },
  Object {
    "props": Object {
      "fillRule": "nonzero",
      "path": Array [],
    },
    "transform": Array [
      0.078125,
      0,
      0,
      -0.078125,
      10,
      80.3125,
    ],
    "type": "clip",
  },
  Object {
    "props": Object {
      "value": 0.7,
    },
    "transform": Array [
      0.078125,
      0,
      0,
      -0.078125,
      10,
      80.3125,
    ],
    "type": "globalAlpha",
  },
  Object {
    "props": Object {
      "value": "#00f",
    },
    "transform": Array [
      0.078125,
      0,
      0,
      -0.078125,
      10,
      80.3125,
    ],
    "type": "strokeStyle",
  },
  Object {
    "props": Object {
      "value": "#00f",
    },
    "transform": Array [
      0.078125,
      0,
      0,
      -0.078125,
      10,
      80.3125,
    ],
    "type": "fillStyle",
  },
  Object {
    "props": Object {
      "value": 200,
    },
    "transform": Array [
      0.078125,
      0,
      0,
      -0.078125,
      10,
      80.3125,
    ],
    "type": "lineWidth",
  },
  Object {
    "props": Object {
      "value": "round",
    },
    "transform": Array [
      0.078125,
      0,
      0,
      -0.078125,
      10,
      80.3125,
    ],
    "type": "lineCap",
  },
  Object {
    "props": Object {
      "value": "round",
    },
    "transform": Array [
      0.078125,
      0,
      0,
      -0.078125,
      10,
      80.3125,
    ],
    "type": "lineJoin",
  },
  Object {
    "props": Object {
      "value": Array [
        844.6901597886417,
        844.6901597886417,
      ],
    },
    "transform": Array [
      0.078125,
      0,
      0,
      -0.078125,
      10,
      80.3125,
    ],
    "type": "setLineDash",
  },
  Object {
    "props": Object {
      "value": 0,
    },
    "transform": Array [
      0.078125,
      0,
      0,
      -0.078125,
      10,
      80.3125,
    ],
    "type": "lineDashOffset",
  },
  Object {
    "props": Object {},
    "transform": Array [
      0.078125,
      0,
      0,
      -0.078125,
      10,
      80.3125,
    ],
    "type": "beginPath",
  },
  Object {
    "props": Object {
      "x": 542.9039333725548,
      "y": 827.3417168333576,
    },
    "transform": Array [
      0.078125,
      0,
      0,
      -0.078125,
      10,
      80.3125,
    ],
    "type": "moveTo",
  },
  Object {
    "props": Object {
      "x": 480,
      "y": 560,
    },
    "transform": Array [
      0.078125,
      0,
      0,
      -0.078125,
      10,
      80.3125,
    ],
    "type": "lineTo",
  },
  Object {
    "props": Object {
      "x": 400,
      "y": 380,
    },
    "transform": Array [
      0.078125,
      0,
      0,
      -0.078125,
      10,
      80.3125,
    ],
    "type": "lineTo",
  },
  Object {
    "props": Object {
      "x": 300,
      "y": 220,
    },
    "transform": Array [
      0.078125,
      0,
      0,
      -0.078125,
      10,
      80.3125,
    ],
    "type": "lineTo",
  },
  Object {
    "props": Object {
      "x": 180,
      "y": 80,
    },
    "transform": Array [
      0.078125,
      0,
      0,
      -0.078125,
      10,
      80.3125,
    ],
    "type": "lineTo",
  },
  Object {
    "props": Object {
      "path": Array [
        Object {
          "props": Object {},
          "transform": Array [
            0.078125,
            0,
            0,
            -0.078125,
            10,
            80.3125,
          ],
          "type": "beginPath",
        },
        Object {
          "props": Object {
            "x": 542.9039333725548,
            "y": 827.3417168333576,
          },
          "transform": Array [
            0.078125,
            0,
            0,
            -0.078125,
            10,
            80.3125,
          ],
          "type": "moveTo",
        },
        Object {
          "props": Object {
            "x": 480,
            "y": 560,
          },
          "transform": Array [
            0.078125,
            0,
            0,
            -0.078125,
            10,
            80.3125,
          ],
          "type": "lineTo",
        },
        Object {
          "props": Object {
            "x": 400,
            "y": 380,
          },
          "transform": Array [
            0.078125,
            0,
            0,
            -0.078125,
            10,
            80.3125,
          ],
          "type": "lineTo",
        },
        Object {
          "props": Object {
            "x": 300,
            "y": 220,
          },
          "transform": Array [
            0.078125,
            0,
            0,
            -0.078125,
            10,
            80.3125,
          ],
          "type": "lineTo",
        },
        Object {
          "props": Object {
            "x": 180,
            "y": 80,
          },
          "transform": Array [
            0.078125,
            0,
            0,
            -0.078125,
            10,
            80.3125,
          ],
          "type": "lineTo",
        },
      ],
    },
    "transform": Array [
      0.078125,
      0,
      0,
      -0.078125,
      10,
      80.3125,
    ],
    "type": "stroke",
  },
  Object {
    "props": Object {},
    "transform": Array [
      0.078125,
      0,
      0,
      -0.078125,
      10,
      80.3125,
    ],
    "type": "restore",
  },
  Object {
    "props": Object {},
    "transform": Array [
      0.078125,
      0,
      0,
      -0.078125,
      10,
      80.3125,
    ],
    "type": "save",
  },
  Object {
    "props": Object {
      "fillRule": "nonzero",
      "path": Array [],
    },
    "transform": Array [
      0.078125,
      0,
      0,
      -0.078125,
      10,
      80.3125,
    ],
    "type": "clip",
  },
  Object {
    "props": Object {
      "value": 0.7,
    },
    "transform": Array [
      0.078125,
      0,
      0,
      -0.078125,
      10,
      80.3125,
    ],
    "type": "globalAlpha",
  },
  Object {
    "props": Object {
      "value": "#00f",
    },
    "transform": Array [
      0.078125,
      0,
      0,
      -0.078125,
      10,
      80.3125,
    ],
    "type": "strokeStyle",
  },
  Object {
    "props": Object {
      "value": "#00f",
    },
    "transform": Array [
      0.078125,
      0,
      0,
      -0.078125,
      10,
      80.3125,
    ],
    "type": "fillStyle",
  },
  Object {
    "props": Object {
      "value": 200,
    },
    "transform": Array [
      0.078125,
      0,
      0,
      -0.078125,
      10,
      80.3125,
    ],
    "type": "lineWidth",
  },
  Object {
    "props": Object {
      "value": "round",
    },
    "transform": Array [
      0.078125,
      0,
      0,
      -0.078125,
      10,
      80.3125,
    ],
    "type": "lineCap",
  },
  Object {
    "props": Object {
      "value": "round",
    },
    "transform": Array [
      0.078125,
      0,
      0,
      -0.078125,
      10,
      80.3125,
    ],
    "type": "lineJoin",
  },
  Object {
    "props": Object {
      "value": Array [
        658.2388413103988,
        658.2388413103988,
      ],
    },
    "transform": Array [
      0.078125,
      0,
      0,
      -0.078125,
      10,
      80.3125,
    ],
    "type": "setLineDash",
  },
  Object {
    "props": Object {
      "value": 0,
    },
    "transform": Array [
      0.078125,
      0,
      0,
      -0.078125,
      10,
      80.3125,
    ],
    "type": "lineDashOffset",
  },
  Object {
    "props": Object {},
    "transform": Array [
      0.078125,
      0,
      0,
      -0.078125,
      10,
      80.3125,
    ],
    "type": "beginPath",
  },
  Object {
    "props": Object {
      "x": 381.1982135249677,
      "y": 547.0021560905562,
    },
    "transform": Array [
      0.078125,
      0,
      0,
      -0.078125,
      10,
      80.3125,
    ],
    "type": "moveTo",
  },
  Object {
    "props": Object {
      "x": 503,
      "y": 400,
    },
    "transform": Array [
      0.078125,
      0,
      0,
      -0.078125,
      10,
      80.3125,
    ],
    "type": "lineTo",
  },
  Object {
    "props": Object {
      "x": 560,
      "y": 330,
    },
    "transform": Array [
      0.078125,
      0,
      0,
      -0.078125,
      10,
      80.3125,
    ],
    "type": "lineTo",
  },
  Object {
    "props": Object {
      "x": 690,
      "y": 190,
    },
    "transform": Array [
      0.078125,
      0,
      0,
      -0.078125,
      10,
      80.3125,
    ],
    "type": "lineTo",
  },
  Object {
    "props": Object {
      "x": 840,
      "y": 80,
    },
    "transform": Array [
      0.078125,
      0,
      0,
      -0.078125,
      10,
      80.3125,
    ],
    "type": "lineTo",
  },
  Object {
    "props": Object {
      "path": Array [
        Object {
          "props": Object {},
          "transform": Array [
            0.078125,
            0,
            0,
            -0.078125,
            10,
            80.3125,
          ],
          "type": "beginPath",
        },
        Object {
          "props": Object {
            "x": 381.1982135249677,
            "y": 547.0021560905562,
          },
          "transform": Array [
            0.078125,
            0,
            0,
            -0.078125,
            10,
            80.3125,
          ],
          "type": "moveTo",
        },
        Object {
          "props": Object {
            "x": 503,
            "y": 400,
          },
          "transform": Array [
            0.078125,
            0,
            0,
            -0.078125,
            10,
            80.3125,
          ],
          "type": "lineTo",
        },
        Object {
          "props": Object {
            "x": 560,
            "y": 330,
          },
          "transform": Array [
            0.078125,
            0,
            0,
            -0.078125,
            10,
            80.3125,
          ],
          "type": "lineTo",
        },
        Object {
          "props": Object {
            "x": 690,
            "y": 190,
          },
          "transform": Array [
            0.078125,
            0,
            0,
            -0.078125,
            10,
            80.3125,
          ],
          "type": "lineTo",
        },
        Object {
          "props": Object {
            "x": 840,
            "y": 80,
          },
          "transform": Array [
            0.078125,
            0,
            0,
            -0.078125,
            10,
            80.3125,
          ],
          "type": "lineTo",
        },
      ],
    },
    "transform": Array [
      0.078125,
      0,
      0,
      -0.078125,
      10,
      80.3125,
    ],
    "type": "stroke",
  },
  Object {
    "props": Object {},
    "transform": Array [
      0.078125,
      0,
      0,
      -0.078125,
      10,
      80.3125,
    ],
    "type": "restore",
  },
  Object {
    "props": Object {},
    "transform": Array [
      0.078125,
      0,
      0,
      -0.078125,
      10,
      80.3125,
    ],
    "type": "restore",
  },
]
`;

exports[`HangulWriterRenderer renders the character and user strokes into the target 1`] = `
Array [
  Object {
    "props": Object {
      "height": 100,
      "width": 100,
      "x": 0,
      "y": 0,
    },
    "transform": Array [
      1,
      0,
      0,
      1,
      0,
      0,
    ],
    "type": "clearRect",
  },
  Object {
    "props": Object {},
    "transform": Array [
      1,
      0,
      0,
      1,
      0,
      0,
    ],
    "type": "save",
  },
  Object {
    "props": Object {
      "x": 10,
      "y": 80.3125,
    },
    "transform": Array [
      1,
      0,
      0,
      1,
      10,
      80.3125,
    ],
    "type": "translate",
  },
  Object {
    "props": Object {
      "a": 1,
      "b": 0,
      "c": 0,
      "d": -1,
      "e": 0,
      "f": 0,
    },
    "transform": Array [
      1,
      0,
      0,
      -1,
      10,
      80.3125,
    ],
    "type": "transform",
  },
  Object {
    "props": Object {
      "x": 0.078125,
      "y": 0.078125,
    },
    "transform": Array [
      0.078125,
      0,
      0,
      -0.078125,
      10,
      80.3125,
    ],
    "type": "scale",
  },
  Object {
    "props": Object {},
    "transform": Array [
      0.078125,
      0,
      0,
      -0.078125,
      10,
      80.3125,
    ],
    "type": "save",
  },
  Object {
    "props": Object {
      "fillRule": "nonzero",
      "path": Array [],
    },
    "transform": Array [
      0.078125,
      0,
      0,
      -0.078125,
      10,
      80.3125,
    ],
    "type": "clip",
  },
  Object {
    "props": Object {
      "value": 0.7,
    },
    "transform": Array [
      0.078125,
      0,
      0,
      -0.078125,
      10,
      80.3125,
    ],
    "type": "globalAlpha",
  },
  Object {
    "props": Object {
      "value": "rgba(255, 150, 100, 0.7)",
    },
    "transform": Array [
      0.078125,
      0,
      0,
      -0.078125,
      10,
      80.3125,
    ],
    "type": "strokeStyle",
  },
  Object {
    "props": Object {
      "value": "rgba(255, 150, 100, 0.7)",
    },
    "transform": Array [
      0.078125,
      0,
      0,
      -0.078125,
      10,
      80.3125,
    ],
    "type": "fillStyle",
  },
  Object {
    "props": Object {
      "value": 200,
    },
    "transform": Array [
      0.078125,
      0,
      0,
      -0.078125,
      10,
      80.3125,
    ],
    "type": "lineWidth",
  },
  Object {
    "props": Object {
      "value": "round",
    },
    "transform": Array [
      0.078125,
      0,
      0,
      -0.078125,
      10,
      80.3125,
    ],
    "type": "lineCap",
  },
  Object {
    "props": Object {
      "value": "round",
    },
    "transform": Array [
      0.078125,
      0,
      0,
      -0.078125,
      10,
      80.3125,
    ],
    "type": "lineJoin",
  },
  Object {
    "props": Object {
      "value": Array [
        844.6901597886417,
        844.6901597886417,
      ],
    },
    "transform": Array [
      0.078125,
      0,
      0,
      -0.078125,
      10,
      80.3125,
    ],
    "type": "setLineDash",
  },
  Object {
    "props": Object {
      "value": 0,
    },
    "transform": Array [
      0.078125,
      0,
      0,
      -0.078125,
      10,
      80.3125,
    ],
    "type": "lineDashOffset",
  },
  Object {
    "props": Object {},
    "transform": Array [
      0.078125,
      0,
      0,
      -0.078125,
      10,
      80.3125,
    ],
    "type": "beginPath",
  },
  Object {
    "props": Object {
      "x": 542.9039333725548,
      "y": 827.3417168333576,
    },
    "transform": Array [
      0.078125,
      0,
      0,
      -0.078125,
      10,
      80.3125,
    ],
    "type": "moveTo",
  },
  Object {
    "props": Object {
      "x": 480,
      "y": 560,
    },
    "transform": Array [
      0.078125,
      0,
      0,
      -0.078125,
      10,
      80.3125,
    ],
    "type": "lineTo",
  },
  Object {
    "props": Object {
      "x": 400,
      "y": 380,
    },
    "transform": Array [
      0.078125,
      0,
      0,
      -0.078125,
      10,
      80.3125,
    ],
    "type": "lineTo",
  },
  Object {
    "props": Object {
      "x": 300,
      "y": 220,
    },
    "transform": Array [
      0.078125,
      0,
      0,
      -0.078125,
      10,
      80.3125,
    ],
    "type": "lineTo",
  },
  Object {
    "props": Object {
      "x": 180,
      "y": 80,
    },
    "transform": Array [
      0.078125,
      0,
      0,
      -0.078125,
      10,
      80.3125,
    ],
    "type": "lineTo",
  },
  Object {
    "props": Object {
      "path": Array [
        Object {
          "props": Object {},
          "transform": Array [
            0.078125,
            0,
            0,
            -0.078125,
            10,
            80.3125,
          ],
          "type": "beginPath",
        },
        Object {
          "props": Object {
            "x": 542.9039333725548,
            "y": 827.3417168333576,
          },
          "transform": Array [
            0.078125,
            0,
            0,
            -0.078125,
            10,
            80.3125,
          ],
          "type": "moveTo",
        },
        Object {
          "props": Object {
            "x": 480,
            "y": 560,
          },
          "transform": Array [
            0.078125,
            0,
            0,
            -0.078125,
            10,
            80.3125,
          ],
          "type": "lineTo",
        },
        Object {
          "props": Object {
            "x": 400,
            "y": 380,
          },
          "transform": Array [
            0.078125,
            0,
            0,
            -0.078125,
            10,
            80.3125,
          ],
          "type": "lineTo",
        },
        Object {
          "props": Object {
            "x": 300,
            "y": 220,
          },
          "transform": Array [
            0.078125,
            0,
            0,
            -0.078125,
            10,
            80.3125,
          ],
          "type": "lineTo",
        },
        Object {
          "props": Object {
            "x": 180,
            "y": 80,
          },
          "transform": Array [
            0.078125,
            0,
            0,
            -0.078125,
            10,
            80.3125,
          ],
          "type": "lineTo",
        },
      ],
    },
    "transform": Array [
      0.078125,
      0,
      0,
      -0.078125,
      10,
      80.3125,
    ],
    "type": "stroke",
  },
  Object {
    "props": Object {},
    "transform": Array [
      0.078125,
      0,
      0,
      -0.078125,
      10,
      80.3125,
    ],
    "type": "restore",
  },
  Object {
    "props": Object {},
    "transform": Array [
      0.078125,
      0,
      0,
      -0.078125,
      10,
      80.3125,
    ],
    "type": "save",
  },
  Object {
    "props": Object {
      "fillRule": "nonzero",
      "path": Array [],
    },
    "transform": Array [
      0.078125,
      0,
      0,
      -0.078125,
      10,
      80.3125,
    ],
    "type": "clip",
  },
  Object {
    "props": Object {
      "value": 0.7,
    },
    "transform": Array [
      0.078125,
      0,
      0,
      -0.078125,
      10,
      80.3125,
    ],
    "type": "globalAlpha",
  },
  Object {
    "props": Object {
      "value": "rgba(255, 150, 100, 0.7)",
    },
    "transform": Array [
      0.078125,
      0,
      0,
      -0.078125,
      10,
      80.3125,
    ],
    "type": "strokeStyle",
  },
  Object {
    "props": Object {
      "value": "rgba(255, 150, 100, 0.7)",
    },
    "transform": Array [
      0.078125,
      0,
      0,
      -0.078125,
      10,
      80.3125,
    ],
    "type": "fillStyle",
  },
  Object {
    "props": Object {
      "value": 200,
    },
    "transform": Array [
      0.078125,
      0,
      0,
      -0.078125,
      10,
      80.3125,
    ],
    "type": "lineWidth",
  },
  Object {
    "props": Object {
      "value": "round",
    },
    "transform": Array [
      0.078125,
      0,
      0,
      -0.078125,
      10,
      80.3125,
    ],
    "type": "lineCap",
  },
  Object {
    "props": Object {
      "value": "round",
    },
    "transform": Array [
      0.078125,
      0,
      0,
      -0.078125,
      10,
      80.3125,
    ],
    "type": "lineJoin",
  },
  Object {
    "props": Object {
      "value": Array [
        658.2388413103988,
        658.2388413103988,
      ],
    },
    "transform": Array [
      0.078125,
      0,
      0,
      -0.078125,
      10,
      80.3125,
    ],
    "type": "setLineDash",
  },
  Object {
    "props": Object {
      "value": 0,
    },
    "transform": Array [
      0.078125,
      0,
      0,
      -0.078125,
      10,
      80.3125,
    ],
    "type": "lineDashOffset",
  },
  Object {
    "props": Object {},
    "transform": Array [
      0.078125,
      0,
      0,
      -0.078125,
      10,
      80.3125,
    ],
    "type": "beginPath",
  },
  Object {
    "props": Object {
      "x": 381.1982135249677,
      "y": 547.0021560905562,
    },
    "transform": Array [
      0.078125,
      0,
      0,
      -0.078125,
      10,
      80.3125,
    ],
    "type": "moveTo",
  },
  Object {
    "props": Object {
      "x": 503,
      "y": 400,
    },
    "transform": Array [
      0.078125,
      0,
      0,
      -0.078125,
      10,
      80.3125,
    ],
    "type": "lineTo",
  },
  Object {
    "props": Object {
      "x": 560,
      "y": 330,
    },
    "transform": Array [
      0.078125,
      0,
      0,
      -0.078125,
      10,
      80.3125,
    ],
    "type": "lineTo",
  },
  Object {
    "props": Object {
      "x": 690,
      "y": 190,
    },
    "transform": Array [
      0.078125,
      0,
      0,
      -0.078125,
      10,
      80.3125,
    ],
    "type": "lineTo",
  },
  Object {
    "props": Object {
      "x": 840,
      "y": 80,
    },
    "transform": Array [
      0.078125,
      0,
      0,
      -0.078125,
      10,
      80.3125,
    ],
    "type": "lineTo",
  },
  Object {
    "props": Object {
      "path": Array [
        Object {
          "props": Object {},
          "transform": Array [
            0.078125,
            0,
            0,
            -0.078125,
            10,
            80.3125,
          ],
          "type": "beginPath",
        },
        Object {
          "props": Object {
            "x": 381.1982135249677,
            "y": 547.0021560905562,
          },
          "transform": Array [
            0.078125,
            0,
            0,
            -0.078125,
            10,
            80.3125,
          ],
          "type": "moveTo",
        },
        Object {
          "props": Object {
            "x": 503,
            "y": 400,
          },
          "transform": Array [
            0.078125,
            0,
            0,
            -0.078125,
            10,
            80.3125,
          ],
          "type": "lineTo",
        },
        Object {
          "props": Object {
            "x": 560,
            "y": 330,
          },
          "transform": Array [
            0.078125,
            0,
            0,
            -0.078125,
            10,
            80.3125,
          ],
          "type": "lineTo",
        },
        Object {
          "props": Object {
            "x": 690,
            "y": 190,
          },
          "transform": Array [
            0.078125,
            0,
            0,
            -0.078125,
            10,
            80.3125,
          ],
          "type": "lineTo",
        },
        Object {
          "props": Object {
            "x": 840,
            "y": 80,
          },
          "transform": Array [
            0.078125,
            0,
            0,
            -0.078125,
            10,
            80.3125,
          ],
          "type": "lineTo",
        },
      ],
    },
    "transform": Array [
      0.078125,
      0,
      0,
      -0.078125,
      10,
      80.3125,
    ],
    "type": "stroke",
  },
  Object {
    "props": Object {},
    "transform": Array [
      0.078125,
      0,
      0,
      -0.078125,
      10,
      80.3125,
    ],
    "type": "restore",
  },
  Object {
    "props": Object {},
    "transform": Array [
      0.078125,
      0,
      0,
      -0.078125,
      10,
      80.3125,
    ],
    "type": "save",
  },
  Object {
    "props": Object {
      "fillRule": "nonzero",
      "path": Array [],
    },
    "transform": Array [
      0.078125,
      0,
      0,
      -0.078125,
      10,
      80.3125,
    ],
    "type": "clip",
  },
  Object {
    "props": Object {
      "value": 0.7,
    },
    "transform": Array [
      0.078125,
      0,
      0,
      -0.078125,
      10,
      80.3125,
    ],
    "type": "globalAlpha",
  },
  Object {
    "props": Object {
      "value": "rgba(255, 100, 10, 0.9)",
    },
    "transform": Array [
      0.078125,
      0,
      0,
      -0.078125,
      10,
      80.3125,
    ],
    "type": "strokeStyle",
  },
  Object {
    "props": Object {
      "value": "rgba(255, 100, 10, 0.9)",
    },
    "transform": Array [
      0.078125,
      0,
      0,
      -0.078125,
      10,
      80.3125,
    ],
    "type": "fillStyle",
  },
  Object {
    "props": Object {
      "value": 200,
    },
    "transform": Array [
      0.078125,
      0,
      0,
      -0.078125,
      10,
      80.3125,
    ],
    "type": "lineWidth",
  },
  Object {
    "props": Object {
      "value": "round",
    },
    "transform": Array [
      0.078125,
      0,
      0,
      -0.078125,
      10,
      80.3125,
    ],
    "type": "lineCap",
  },
  Object {
    "props": Object {
      "value": "round",
    },
    "transform": Array [
      0.078125,
      0,
      0,
      -0.078125,
      10,
      80.3125,
    ],
    "type": "lineJoin",
  },
  Object {
    "props": Object {
      "value": Array [
        844.6901597886417,
        844.6901597886417,
      ],
    },
    "transform": Array [
      0.078125,
      0,
      0,
      -0.078125,
      10,
      80.3125,
    ],
    "type": "setLineDash",
  },
  Object {
    "props": Object {
      "value": 0,
    },
    "transform": Array [
      0.078125,
      0,
      0,
      -0.078125,
      10,
      80.3125,
    ],
    "type": "lineDashOffset",
  },
  Object {
    "props": Object {},
    "transform": Array [
      0.078125,
      0,
      0,
      -0.078125,
      10,
      80.3125,
    ],
    "type": "beginPath",
  },
  Object {
    "props": Object {
      "x": 542.9039333725548,
      "y": 827.3417168333576,
    },
    "transform": Array [
      0.078125,
      0,
      0,
      -0.078125,
      10,
      80.3125,
    ],
    "type": "moveTo",
  },
  Object {
    "props": Object {
      "x": 480,
      "y": 560,
    },
    "transform": Array [
      0.078125,
      0,
      0,
      -0.078125,
      10,
      80.3125,
    ],
    "type": "lineTo",
  },
  Object {
    "props": Object {
      "x": 400,
      "y": 380,
    },
    "transform": Array [
      0.078125,
      0,
      0,
      -0.078125,
      10,
      80.3125,
    ],
    "type": "lineTo",
  },
  Object {
    "props": Object {
      "x": 300,
      "y": 220,
    },
    "transform": Array [
      0.078125,
      0,
      0,
      -0.078125,
      10,
      80.3125,
    ],
    "type": "lineTo",
  },
  Object {
    "props": Object {
      "x": 180,
      "y": 80,
    },
    "transform": Array [
      0.078125,
      0,
      0,
      -0.078125,
      10,
      80.3125,
    ],
    "type": "lineTo",
  },
  Object {
    "props": Object {
      "path": Array [
        Object {
          "props": Object {},
          "transform": Array [
            0.078125,
            0,
            0,
            -0.078125,
            10,
            80.3125,
          ],
          "type": "beginPath",
        },
        Object {
          "props": Object {
            "x": 542.9039333725548,
            "y": 827.3417168333576,
          },
          "transform": Array [
            0.078125,
            0,
            0,
            -0.078125,
            10,
            80.3125,
          ],
          "type": "moveTo",
        },
        Object {
          "props": Object {
            "x": 480,
            "y": 560,
          },
          "transform": Array [
            0.078125,
            0,
            0,
            -0.078125,
            10,
            80.3125,
          ],
          "type": "lineTo",
        },
        Object {
          "props": Object {
            "x": 400,
            "y": 380,
          },
          "transform": Array [
            0.078125,
            0,
            0,
            -0.078125,
            10,
            80.3125,
          ],
          "type": "lineTo",
        },
        Object {
          "props": Object {
            "x": 300,
            "y": 220,
          },
          "transform": Array [
            0.078125,
            0,
            0,
            -0.078125,
            10,
            80.3125,
          ],
          "type": "lineTo",
        },
        Object {
          "props": Object {
            "x": 180,
            "y": 80,
          },
          "transform": Array [
            0.078125,
            0,
            0,
            -0.078125,
            10,
            80.3125,
          ],
          "type": "lineTo",
        },
      ],
    },
    "transform": Array [
      0.078125,
      0,
      0,
      -0.078125,
      10,
      80.3125,
    ],
    "type": "stroke",
  },
  Object {
    "props": Object {},
    "transform": Array [
      0.078125,
      0,
      0,
      -0.078125,
      10,
      80.3125,
    ],
    "type": "restore",
  },
  Object {
    "props": Object {},
    "transform": Array [
      0.078125,
      0,
      0,
      -0.078125,
      10,
      80.3125,
    ],
    "type": "save",
  },
  Object {
    "props": Object {
      "fillRule": "nonzero",
      "path": Array [],
    },
    "transform": Array [
      0.078125,
      0,
      0,
      -0.078125,
      10,
      80.3125,
    ],
    "type": "clip",
  },
  Object {
    "props": Object {
      "value": 0.7,
    },
    "transform": Array [
      0.078125,
      0,
      0,
      -0.078125,
      10,
      80.3125,
    ],
    "type": "globalAlpha",
  },
  Object {
    "props": Object {
      "value": "rgba(255, 100, 10, 0.9)",
    },
    "transform": Array [
      0.078125,
      0,
      0,
      -0.078125,
      10,
      80.3125,
    ],
    "type": "strokeStyle",
  },
  Object {
    "props": Object {
      "value": "rgba(255, 100, 10, 0.9)",
    },
    "transform": Array [
      0.078125,
      0,
      0,
      -0.078125,
      10,
      80.3125,
    ],
    "type": "fillStyle",
  },
  Object {
    "props": Object {
      "value": 200,
    },
    "transform": Array [
      0.078125,
      0,
      0,
      -0.078125,
      10,
      80.3125,
    ],
    "type": "lineWidth",
  },
  Object {
    "props": Object {
      "value": "round",
    },
    "transform": Array [
      0.078125,
      0,
      0,
      -0.078125,
      10,
      80.3125,
    ],
    "type": "lineCap",
  },
  Object {
    "props": Object {
      "value": "round",
    },
    "transform": Array [
      0.078125,
      0,
      0,
      -0.078125,
      10,
      80.3125,
    ],
    "type": "lineJoin",
  },
  Object {
    "props": Object {
      "value": Array [
        658.2388413103988,
        658.2388413103988,
      ],
    },
    "transform": Array [
      0.078125,
      0,
      0,
      -0.078125,
      10,
      80.3125,
    ],
    "type": "setLineDash",
  },
  Object {
    "props": Object {
      "value": 0,
    },
    "transform": Array [
      0.078125,
      0,
      0,
      -0.078125,
      10,
      80.3125,
    ],
    "type": "lineDashOffset",
  },
  Object {
    "props": Object {},
    "transform": Array [
      0.078125,
      0,
      0,
      -0.078125,
      10,
      80.3125,
    ],
    "type": "beginPath",
  },
  Object {
    "props": Object {
      "x": 381.1982135249677,
      "y": 547.0021560905562,
    },
    "transform": Array [
      0.078125,
      0,
      0,
      -0.078125,
      10,
      80.3125,
    ],
    "type": "moveTo",
  },
  Object {
    "props": Object {
      "x": 503,
      "y": 400,
    },
    "transform": Array [
      0.078125,
      0,
      0,
      -0.078125,
      10,
      80.3125,
    ],
    "type": "lineTo",
  },
  Object {
    "props": Object {
      "x": 560,
      "y": 330,
    },
    "transform": Array [
      0.078125,
      0,
      0,
      -0.078125,
      10,
      80.3125,
    ],
    "type": "lineTo",
  },
  Object {
    "props": Object {
      "x": 690,
      "y": 190,
    },
    "transform": Array [
      0.078125,
      0,
      0,
      -0.078125,
      10,
      80.3125,
    ],
    "type": "lineTo",
  },
  Object {
    "props": Object {
      "x": 840,
      "y": 80,
    },
    "transform": Array [
      0.078125,
      0,
      0,
      -0.078125,
      10,
      80.3125,
    ],
    "type": "lineTo",
  },
  Object {
    "props": Object {
      "path": Array [
        Object {
          "props": Object {},
          "transform": Array [
            0.078125,
            0,
            0,
            -0.078125,
            10,
            80.3125,
          ],
          "type": "beginPath",
        },
        Object {
          "props": Object {
            "x": 381.1982135249677,
            "y": 547.0021560905562,
          },
          "transform": Array [
            0.078125,
            0,
            0,
            -0.078125,
            10,
            80.3125,
          ],
          "type": "moveTo",
        },
        Object {
          "props": Object {
            "x": 503,
            "y": 400,
          },
          "transform": Array [
            0.078125,
            0,
            0,
            -0.078125,
            10,
            80.3125,
          ],
          "type": "lineTo",
        },
        Object {
          "props": Object {
            "x": 560,
            "y": 330,
          },
          "transform": Array [
            0.078125,
            0,
            0,
            -0.078125,
            10,
            80.3125,
          ],
          "type": "lineTo",
        },
        Object {
          "props": Object {
            "x": 690,
            "y": 190,
          },
          "transform": Array [
            0.078125,
            0,
            0,
            -0.078125,
            10,
            80.3125,
          ],
          "type": "lineTo",
        },
        Object {
          "props": Object {
            "x": 840,
            "y": 80,
          },
          "transform": Array [
            0.078125,
            0,
            0,
            -0.078125,
            10,
            80.3125,
          ],
          "type": "lineTo",
        },
      ],
    },
    "transform": Array [
      0.078125,
      0,
      0,
      -0.078125,
      10,
      80.3125,
    ],
    "type": "stroke",
  },
  Object {
    "props": Object {},
    "transform": Array [
      0.078125,
      0,
      0,
      -0.078125,
      10,
      80.3125,
    ],
    "type": "restore",
  },
  Object {
    "props": Object {},
    "transform": Array [
      0.078125,
      0,
      0,
      -0.078125,
      10,
      80.3125,
    ],
    "type": "save",
  },
  Object {
    "props": Object {
      "fillRule": "nonzero",
      "path": Array [],
    },
    "transform": Array [
      0.078125,
      0,
      0,
      -0.078125,
      10,
      80.3125,
    ],
    "type": "clip",
  },
  Object {
    "props": Object {
      "value": 0.7,
    },
    "transform": Array [
      0.078125,
      0,
      0,
      -0.078125,
      10,
      80.3125,
    ],
    "type": "globalAlpha",
  },
  Object {
    "props": Object {
      "value": "#00f",
    },
    "transform": Array [
      0.078125,
      0,
      0,
      -0.078125,
      10,
      80.3125,
    ],
    "type": "strokeStyle",
  },
  Object {
    "props": Object {
      "value": "#00f",
    },
    "transform": Array [
      0.078125,
      0,
      0,
      -0.078125,
      10,
      80.3125,
    ],
    "type": "fillStyle",
  },
  Object {
    "props": Object {
      "value": 200,
    },
    "transform": Array [
      0.078125,
      0,
      0,
      -0.078125,
      10,
      80.3125,
    ],
    "type": "lineWidth",
  },
  Object {
    "props": Object {
      "value": "round",
    },
    "transform": Array [
      0.078125,
      0,
      0,
      -0.078125,
      10,
      80.3125,
    ],
    "type": "lineCap",
  },
  Object {
    "props": Object {
      "value": "round",
    },
    "transform": Array [
      0.078125,
      0,
      0,
      -0.078125,
      10,
      80.3125,
    ],
    "type": "lineJoin",
  },
  Object {
    "props": Object {
      "value": Array [
        844.6901597886417,
        844.6901597886417,
      ],
    },
    "transform": Array [
      0.078125,
      0,
      0,
      -0.078125,
      10,
      80.3125,
    ],
    "type": "setLineDash",
  },
  Object {
    "props": Object {
      "value": 0,
    },
    "transform": Array [
      0.078125,
      0,
      0,
      -0.078125,
      10,
      80.3125,
    ],
    "type": "lineDashOffset",
  },
  Object {
    "props": Object {},
    "transform": Array [
      0.078125,
      0,
      0,
      -0.078125,
      10,
      80.3125,
    ],
    "type": "beginPath",
  },
  Object {
    "props": Object {
      "x": 542.9039333725548,
      "y": 827.3417168333576,
    },
    "transform": Array [
      0.078125,
      0,
      0,
      -0.078125,
      10,
      80.3125,
    ],
    "type": "moveTo",
  },
  Object {
    "props": Object {
      "x": 480,
      "y": 560,
    },
    "transform": Array [
      0.078125,
      0,
      0,
      -0.078125,
      10,
      80.3125,
    ],
    "type": "lineTo",
  },
  Object {
    "props": Object {
      "x": 400,
      "y": 380,
    },
    "transform": Array [
      0.078125,
      0,
      0,
      -0.078125,
      10,
      80.3125,
    ],
    "type": "lineTo",
  },
  Object {
    "props": Object {
      "x": 300,
      "y": 220,
    },
    "transform": Array [
      0.078125,
      0,
      0,
      -0.078125,
      10,
      80.3125,
    ],
    "type": "lineTo",
  },
  Object {
    "props": Object {
      "x": 180,
      "y": 80,
    },
    "transform": Array [
      0.078125,
      0,
      0,
      -0.078125,
      10,
      80.3125,
    ],
    "type": "lineTo",
  },
  Object {
    "props": Object {
      "path": Array [
        Object {
          "props": Object {},
          "transform": Array [
            0.078125,
            0,
            0,
            -0.078125,
            10,
            80.3125,
          ],
          "type": "beginPath",
        },
        Object {
          "props": Object {
            "x": 542.9039333725548,
            "y": 827.3417168333576,
          },
          "transform": Array [
            0.078125,
            0,
            0,
            -0.078125,
            10,
            80.3125,
          ],
          "type": "moveTo",
        },
        Object {
          "props": Object {
            "x": 480,
            "y": 560,
          },
          "transform": Array [
            0.078125,
            0,
            0,
            -0.078125,
            10,
            80.3125,
          ],
          "type": "lineTo",
        },
        Object {
          "props": Object {
            "x": 400,
            "y": 380,
          },
          "transform": Array [
            0.078125,
            0,
            0,
            -0.078125,
            10,
            80.3125,
          ],
          "type": "lineTo",
        },
        Object {
          "props": Object {
            "x": 300,
            "y": 220,
          },
          "transform": Array [
            0.078125,
            0,
            0,
            -0.078125,
            10,
            80.3125,
          ],
          "type": "lineTo",
        },
        Object {
          "props": Object {
            "x": 180,
            "y": 80,
          },
          "transform": Array [
            0.078125,
            0,
            0,
            -0.078125,
            10,
            80.3125,
          ],
          "type": "lineTo",
        },
      ],
    },
    "transform": Array [
      0.078125,
      0,
      0,
      -0.078125,
      10,
      80.3125,
    ],
    "type": "stroke",
  },
  Object {
    "props": Object {},
    "transform": Array [
      0.078125,
      0,
      0,
      -0.078125,
      10,
      80.3125,
    ],
    "type": "restore",
  },
  Object {
    "props": Object {},
    "transform": Array [
      0.078125,
      0,
      0,
      -0.078125,
      10,
      80.3125,
    ],
    "type": "save",
  },
  Object {
    "props": Object {
      "fillRule": "nonzero",
      "path": Array [],
    },
    "transform": Array [
      0.078125,
      0,
      0,
      -0.078125,
      10,
      80.3125,
    ],
    "type": "clip",
  },
  Object {
    "props": Object {
      "value": 0.7,
    },
    "transform": Array [
      0.078125,
      0,
      0,
      -0.078125,
      10,
      80.3125,
    ],
    "type": "globalAlpha",
  },
  Object {
    "props": Object {
      "value": "#00f",
    },
    "transform": Array [
      0.078125,
      0,
      0,
      -0.078125,
      10,
      80.3125,
    ],
    "type": "strokeStyle",
  },
  Object {
    "props": Object {
      "value": "#00f",
    },
    "transform": Array [
      0.078125,
      0,
      0,
      -0.078125,
      10,
      80.3125,
    ],
    "type": "fillStyle",
  },
  Object {
    "props": Object {
      "value": 200,
    },
    "transform": Array [
      0.078125,
      0,
      0,
      -0.078125,
      10,
      80.3125,
    ],
    "type": "lineWidth",
  },
  Object {
    "props": Object {
      "value": "round",
    },
    "transform": Array [
      0.078125,
      0,
      0,
      -0.078125,
      10,
      80.3125,
    ],
    "type": "lineCap",
  },
  Object {
    "props": Object {
      "value": "round",
    },
    "transform": Array [
      0.078125,
      0,
      0,
      -0.078125,
      10,
      80.3125,
    ],
    "type": "lineJoin",
  },
  Object {
    "props": Object {
      "value": Array [
        658.2388413103988,
        658.2388413103988,
      ],
    },
    "transform": Array [
      0.078125,
      0,
      0,
      -0.078125,
      10,
      80.3125,
    ],
    "type": "setLineDash",
  },
  Object {
    "props": Object {
      "value": 0,
    },
    "transform": Array [
      0.078125,
      0,
      0,
      -0.078125,
      10,
      80.3125,
    ],
    "type": "lineDashOffset",
  },
  Object {
    "props": Object {},
    "transform": Array [
      0.078125,
      0,
      0,
      -0.078125,
      10,
      80.3125,
    ],
    "type": "beginPath",
  },
  Object {
    "props": Object {
      "x": 381.1982135249677,
      "y": 547.0021560905562,
    },
    "transform": Array [
      0.078125,
      0,
      0,
      -0.078125,
      10,
      80.3125,
    ],
    "type": "moveTo",
  },
  Object {
    "props": Object {
      "x": 503,
      "y": 400,
    },
    "transform": Array [
      0.078125,
      0,
      0,
      -0.078125,
      10,
      80.3125,
    ],
    "type": "lineTo",
  },
  Object {
    "props": Object {
      "x": 560,
      "y": 330,
    },
    "transform": Array [
      0.078125,
      0,
      0,
      -0.078125,
      10,
      80.3125,
    ],
    "type": "lineTo",
  },
  Object {
    "props": Object {
      "x": 690,
      "y": 190,
    },
    "transform": Array [
      0.078125,
      0,
      0,
      -0.078125,
      10,
      80.3125,
    ],
    "type": "lineTo",
  },
  Object {
    "props": Object {
      "x": 840,
      "y": 80,
    },
    "transform": Array [
      0.078125,
      0,
      0,
      -0.078125,
      10,
      80.3125,
    ],
    "type": "lineTo",
  },
  Object {
    "props": Object {
      "path": Array [
        Object {
          "props": Object {},
          "transform": Array [
            0.078125,
            0,
            0,
            -0.078125,
            10,
            80.3125,
          ],
          "type": "beginPath",
        },
        Object {
          "props": Object {
            "x": 381.1982135249677,
            "y": 547.0021560905562,
          },
          "transform": Array [
            0.078125,
            0,
            0,
            -0.078125,
            10,
            80.3125,
          ],
          "type": "moveTo",
        },
        Object {
          "props": Object {
            "x": 503,
            "y": 400,
          },
          "transform": Array [
            0.078125,
            0,
            0,
            -0.078125,
            10,
            80.3125,
          ],
          "type": "lineTo",
        },
        Object {
          "props": Object {
            "x": 560,
            "y": 330,
          },
          "transform": Array [
            0.078125,
            0,
            0,
            -0.078125,
            10,
            80.3125,
          ],
          "type": "lineTo",
        },
        Object {
          "props": Object {
            "x": 690,
            "y": 190,
          },
          "transform": Array [
            0.078125,
            0,
            0,
            -0.078125,
            10,
            80.3125,
          ],
          "type": "lineTo",
        },
        Object {
          "props": Object {
            "x": 840,
            "y": 80,
          },
          "transform": Array [
            0.078125,
            0,
            0,
            -0.078125,
            10,
            80.3125,
          ],
          "type": "lineTo",
        },
      ],
    },
    "transform": Array [
      0.078125,
      0,
      0,
      -0.078125,
      10,
      80.3125,
    ],
    "type": "stroke",
  },
  Object {
    "props": Object {},
    "transform": Array [
      0.078125,
      0,
      0,
      -0.078125,
      10,
      80.3125,
    ],
    "type": "restore",
  },
  Object {
    "props": Object {},
    "transform": Array [
      0.078125,
      0,
      0,
      -0.078125,
      10,
      80.3125,
    ],
    "type": "save",
  },
  Object {
    "props": Object {
      "value": 0.9,
    },
    "transform": Array [
      0.078125,
      0,
      0,
      -0.078125,
      10,
      80.3125,
    ],
    "type": "globalAlpha",
  },
  Object {
    "props": Object {
      "value": 4,
    },
    "transform": Array [
      0.078125,
      0,
      0,
      -0.078125,
      10,
      80.3125,
    ],
    "type": "lineWidth",
  },
  Object {
    "props": Object {
      "value": "rgba(255, 255, 0, 0.1)",
    },
    "transform": Array [
      0.078125,
      0,
      0,
      -0.078125,
      10,
      80.3125,
    ],
    "type": "strokeStyle",
  },
  Object {
    "props": Object {
      "value": "round",
    },
    "transform": Array [
      0.078125,
      0,
      0,
      -0.078125,
      10,
      80.3125,
    ],
    "type": "lineCap",
  },
  Object {
    "props": Object {
      "value": "round",
    },
    "transform": Array [
      0.078125,
      0,
      0,
      -0.078125,
      10,
      80.3125,
    ],
    "type": "lineJoin",
  },
  Object {
    "props": Object {},
    "transform": Array [
      0.078125,
      0,
      0,
      -0.078125,
      10,
      80.3125,
    ],
    "type": "beginPath",
  },
  Object {
    "props": Object {
      "x": 0,
      "y": 0,
    },
    "transform": Array [
      0.078125,
      0,
      0,
      -0.078125,
      10,
      80.3125,
    ],
    "type": "moveTo",
  },
  Object {
    "props": Object {
      "x": 1,
      "y": 3,
    },
    "transform": Array [
      0.078125,
      0,
      0,
      -0.078125,
      10,
      80.3125,
    ],
    "type": "lineTo",
  },
  Object {
    "props": Object {
      "path": Array [
        Object {
          "props": Object {},
          "transform": Array [
            0.078125,
            0,
            0,
            -0.078125,
            10,
            80.3125,
          ],
          "type": "beginPath",
        },
        Object {
          "props": Object {
            "x": 0,
            "y": 0,
          },
          "transform": Array [
            0.078125,
            0,
            0,
            -0.078125,
            10,
            80.3125,
          ],
          "type": "moveTo",
        },
        Object {
          "props": Object {
            "x": 1,
            "y": 3,
          },
          "transform": Array [
            0.078125,
            0,
            0,
            -0.078125,
            10,
            80.3125,
          ],
          "type": "lineTo",
        },
      ],
    },
    "transform": Array [
      0.078125,
      0,
      0,
      -0.078125,
      10,
      80.3125,
    ],
    "type": "stroke",
  },
  Object {
    "props": Object {},
    "transform": Array [
      0.078125,
      0,
      0,
      -0.078125,
      10,
      80.3125,
    ],
    "type": "restore",
  },
  Object {
    "props": Object {},
    "transform": Array [
      0.078125,
      0,
      0,
      -0.078125,
      10,
      80.3125,
    ],
    "type": "restore",
  },
]
`;
